从配置文件加载配置: /mnt/data1/TC/TextClassDemo/configs/direct/dblp_base_direct.yaml
2025-07-19 17:23:30,410 - MedicalClassifier_gemma2-2b_dblp_lora_direct - INFO - 开始运行评估实验...
2025-07-19 17:23:30,411 - MedicalClassifier_gemma2-2b_dblp_lora_direct - INFO - 实验配置:
2025-07-19 17:23:30,411 - MedicalClassifier_gemma2-2b_dblp_lora_direct - INFO -   - 基础模型: /mnt/data1/FT/inspire_data_prep/models/gemma2-2b
2025-07-19 17:23:30,411 - MedicalClassifier_gemma2-2b_dblp_lora_direct - INFO -   - 使用LoRA: False
2025-07-19 17:23:30,411 - MedicalClassifier_gemma2-2b_dblp_lora_direct - INFO -   - 数据集: dblp
2025-07-19 17:23:30,411 - MedicalClassifier_gemma2-2b_dblp_lora_direct - INFO -   - 数据路径: /mnt/data1/TC/TextClassDemo/data/dblp/dblp_Test_Cxx.json
2025-07-19 17:23:30,411 - MedicalClassifier_gemma2-2b_dblp_lora_direct - INFO - ================================================================================
2025-07-19 17:23:30,411 - MedicalClassifier_gemma2-2b_dblp_lora_direct - INFO - 开始加载模型和tokenizer...
2025-07-19 17:23:30,411 - MedicalClassifier_gemma2-2b_dblp_lora_direct - INFO - 基础模型路径: /mnt/data1/FT/inspire_data_prep/models/gemma2-2b
2025-07-19 17:23:30,411 - MedicalClassifier_gemma2-2b_dblp_lora_direct - INFO - 是否使用LoRA: False
2025-07-19 17:23:30,411 - MedicalClassifier_gemma2-2b_dblp_lora_direct - INFO - ================================================================================
2025-07-19 17:23:30,411 - MedicalClassifier_gemma2-2b_dblp_lora_direct - INFO - 正在加载tokenizer: /mnt/data1/FT/inspire_data_prep/models/gemma2-2b
2025-07-19 17:23:32,414 - MedicalClassifier_gemma2-2b_dblp_lora_direct - INFO - Tokenizer加载完成
2025-07-19 17:23:32,415 - MedicalClassifier_gemma2-2b_dblp_lora_direct - INFO - Chat template: {{ bos_token }}{% if messages[0]['role'] == 'system' %}{{ raise_exception('System role not supported') }}{% endif %}{% for message in messages %}{% if (message['role'] == 'user') != (loop.index0 % 2 == 0) %}{{ raise_exception('Conversation roles must alternate user/assistant/user/assistant/...') }}{% endif %}{% if (message['role'] == 'assistant') %}{% set role = 'model' %}{% else %}{% set role = message['role'] %}{% endif %}{{ '<start_of_turn>' + role + '
' + message['content'] | trim + '<end_of_turn>
' }}{% endfor %}{% if add_generation_prompt %}{{'<start_of_turn>model
'}}{% endif %}
2025-07-19 17:23:32,415 - MedicalClassifier_gemma2-2b_dblp_lora_direct - INFO - 检测到Gemma模型，使用直接提示词（避免重复输出）
2025-07-19 17:23:32,415 - MedicalClassifier_gemma2-2b_dblp_lora_direct - INFO - 模板策略: direct_prompt
2025-07-19 17:23:32,415 - MedicalClassifier_gemma2-2b_dblp_lora_direct - INFO - 正在加载基础模型: /mnt/data1/FT/inspire_data_prep/models/gemma2-2b
/mnt/data1/miniconda3/envs/lmf/lib/python3.12/site-packages/accelerate/utils/modeling.py:808: UserWarning: CUDA initialization: Unexpected error from cudaGetDeviceCount(). Did you run some cuda functions before calling NumCudaDevices() that might have already set an error? Error 802: system not yet initialized (Triggered internally at ../c10/cuda/CUDAFunctions.cpp:108.)
  _ = torch.tensor([0], device=i)
Loading checkpoint shards:   0%|          | 0/2 [00:00<?, ?it/s]Loading checkpoint shards:   0%|          | 0/2 [00:02<?, ?it/s]
Traceback (most recent call last):
  File "/mnt/data1/TC/TextClassDemo/experiment_runner.py", line 767, in <module>
    main()
  File "/mnt/data1/TC/TextClassDemo/experiment_runner.py", line 761, in main
    classifier.run_evaluation()
  File "/mnt/data1/TC/TextClassDemo/experiment_runner.py", line 427, in run_evaluation
    self.load_model()
  File "/mnt/data1/TC/TextClassDemo/experiment_runner.py", line 94, in load_model
    self.model = AutoModelForCausalLM.from_pretrained(
                 ^^^^^^^^^^^^^^^^^^^^^^^^^^^^^^^^^^^^^
  File "/mnt/data1/miniconda3/envs/lmf/lib/python3.12/site-packages/transformers/models/auto/auto_factory.py", line 571, in from_pretrained
    return model_class.from_pretrained(
           ^^^^^^^^^^^^^^^^^^^^^^^^^^^^
  File "/mnt/data1/miniconda3/envs/lmf/lib/python3.12/site-packages/transformers/modeling_utils.py", line 309, in _wrapper
    return func(*args, **kwargs)
           ^^^^^^^^^^^^^^^^^^^^^
  File "/mnt/data1/miniconda3/envs/lmf/lib/python3.12/site-packages/transformers/modeling_utils.py", line 4574, in from_pretrained
    ) = cls._load_pretrained_model(
        ^^^^^^^^^^^^^^^^^^^^^^^^^^^
  File "/mnt/data1/miniconda3/envs/lmf/lib/python3.12/site-packages/transformers/modeling_utils.py", line 5031, in _load_pretrained_model
    disk_offload_index, cpu_offload_index = _load_state_dict_into_meta_model(
                                            ^^^^^^^^^^^^^^^^^^^^^^^^^^^^^^^^^
  File "/mnt/data1/miniconda3/envs/lmf/lib/python3.12/site-packages/torch/utils/_contextlib.py", line 116, in decorate_context
    return func(*args, **kwargs)
           ^^^^^^^^^^^^^^^^^^^^^
  File "/mnt/data1/miniconda3/envs/lmf/lib/python3.12/site-packages/transformers/modeling_utils.py", line 808, in _load_state_dict_into_meta_model
    param = param.to(casting_dtype)
            ^^^^^^^^^^^^^^^^^^^^^^^
KeyboardInterrupt
