从配置文件加载配置: /mnt/data1/TC/TextClassDemo/configs/direct/ohsumed_base_direct.yaml
2025-07-19 17:23:34,107 - MedicalClassifier_gemma2-2b_r52_base_direct - INFO - 开始运行评估实验...
2025-07-19 17:23:34,108 - MedicalClassifier_gemma2-2b_r52_base_direct - INFO - 实验配置:
2025-07-19 17:23:34,108 - MedicalClassifier_gemma2-2b_r52_base_direct - INFO -   - 基础模型: /mnt/data1/FT/inspire_data_prep/models/gemma2-2b
2025-07-19 17:23:34,108 - MedicalClassifier_gemma2-2b_r52_base_direct - INFO -   - 使用LoRA: False
2025-07-19 17:23:34,108 - MedicalClassifier_gemma2-2b_r52_base_direct - INFO -   - 数据集: ohsumed
2025-07-19 17:23:34,108 - MedicalClassifier_gemma2-2b_r52_base_direct - INFO -   - 数据路径: /mnt/data1/TC/TextClassDemo/data/R52/R52_Test_Cxx.json
2025-07-19 17:23:34,108 - MedicalClassifier_gemma2-2b_r52_base_direct - INFO - ================================================================================
2025-07-19 17:23:34,108 - MedicalClassifier_gemma2-2b_r52_base_direct - INFO - 开始加载模型和tokenizer...
2025-07-19 17:23:34,108 - MedicalClassifier_gemma2-2b_r52_base_direct - INFO - 基础模型路径: /mnt/data1/FT/inspire_data_prep/models/gemma2-2b
2025-07-19 17:23:34,108 - MedicalClassifier_gemma2-2b_r52_base_direct - INFO - 是否使用LoRA: False
2025-07-19 17:23:34,108 - MedicalClassifier_gemma2-2b_r52_base_direct - INFO - ================================================================================
2025-07-19 17:23:34,108 - MedicalClassifier_gemma2-2b_r52_base_direct - INFO - 正在加载tokenizer: /mnt/data1/FT/inspire_data_prep/models/gemma2-2b
Traceback (most recent call last):
  File "/mnt/data1/TC/TextClassDemo/experiment_runner.py", line 767, in <module>
    main()
  File "/mnt/data1/TC/TextClassDemo/experiment_runner.py", line 761, in main
    classifier.run_evaluation()
  File "/mnt/data1/TC/TextClassDemo/experiment_runner.py", line 427, in run_evaluation
    self.load_model()
  File "/mnt/data1/TC/TextClassDemo/experiment_runner.py", line 78, in load_model
    self.tokenizer = AutoTokenizer.from_pretrained(
                     ^^^^^^^^^^^^^^^^^^^^^^^^^^^^^^
  File "/mnt/data1/miniconda3/envs/lmf/lib/python3.12/site-packages/transformers/models/auto/tokenization_auto.py", line 1013, in from_pretrained
    return tokenizer_class.from_pretrained(pretrained_model_name_or_path, *inputs, **kwargs)
           ^^^^^^^^^^^^^^^^^^^^^^^^^^^^^^^^^^^^^^^^^^^^^^^^^^^^^^^^^^^^^^^^^^^^^^^^^^^^^^^^^
  File "/mnt/data1/miniconda3/envs/lmf/lib/python3.12/site-packages/transformers/tokenization_utils_base.py", line 2025, in from_pretrained
    return cls._from_pretrained(
           ^^^^^^^^^^^^^^^^^^^^^
  File "/mnt/data1/miniconda3/envs/lmf/lib/python3.12/site-packages/transformers/tokenization_utils_base.py", line 2278, in _from_pretrained
    tokenizer = cls(*init_inputs, **init_kwargs)
                ^^^^^^^^^^^^^^^^^^^^^^^^^^^^^^^^
  File "/mnt/data1/miniconda3/envs/lmf/lib/python3.12/site-packages/transformers/models/gemma/tokenization_gemma_fast.py", line 100, in __init__
    super().__init__(
  File "/mnt/data1/miniconda3/envs/lmf/lib/python3.12/site-packages/transformers/tokenization_utils_fast.py", line 117, in __init__
    fast_tokenizer = TokenizerFast.from_file(fast_tokenizer_file)
                     ^^^^^^^^^^^^^^^^^^^^^^^^^^^^^^^^^^^^^^^^^^^^
KeyboardInterrupt
