2025-07-19 17:23:33,169 - MedicalClassifier_gemma2-2b_cr_base_direct - INFO - 开始运行评估实验...
2025-07-19 17:23:33,169 - MedicalClassifier_gemma2-2b_cr_base_direct - INFO - 实验配置:
2025-07-19 17:23:33,170 - MedicalClassifier_gemma2-2b_cr_base_direct - INFO -   - 基础模型: /mnt/data1/FT/inspire_data_prep/models/gemma2-2b
2025-07-19 17:23:33,170 - MedicalClassifier_gemma2-2b_cr_base_direct - INFO -   - 使用LoRA: False
2025-07-19 17:23:33,170 - MedicalClassifier_gemma2-2b_cr_base_direct - INFO -   - 数据集: CR
2025-07-19 17:23:33,170 - MedicalClassifier_gemma2-2b_cr_base_direct - INFO -   - 数据路径: /mnt/data1/TC/TextClassDemo/data/CR/CR_Test_Cxx.json
2025-07-19 17:23:33,170 - MedicalClassifier_gemma2-2b_cr_base_direct - INFO - ================================================================================
2025-07-19 17:23:33,170 - MedicalClassifier_gemma2-2b_cr_base_direct - INFO - 开始加载模型和tokenizer...
2025-07-19 17:23:33,170 - MedicalClassifier_gemma2-2b_cr_base_direct - INFO - 基础模型路径: /mnt/data1/FT/inspire_data_prep/models/gemma2-2b
2025-07-19 17:23:33,170 - MedicalClassifier_gemma2-2b_cr_base_direct - INFO - 是否使用LoRA: False
2025-07-19 17:23:33,170 - MedicalClassifier_gemma2-2b_cr_base_direct - INFO - ================================================================================
2025-07-19 17:23:33,170 - MedicalClassifier_gemma2-2b_cr_base_direct - INFO - 正在加载tokenizer: /mnt/data1/FT/inspire_data_prep/models/gemma2-2b
2025-07-19 17:58:56,596 - MedicalClassifier_gemma2-2b_cr_base_direct - INFO - 开始运行评估实验...
2025-07-19 17:58:56,596 - MedicalClassifier_gemma2-2b_cr_base_direct - INFO - 实验配置:
2025-07-19 17:58:56,596 - MedicalClassifier_gemma2-2b_cr_base_direct - INFO -   - 基础模型: /mnt/data1/FT/inspire_data_prep/models/gemma2-2b
2025-07-19 17:58:56,596 - MedicalClassifier_gemma2-2b_cr_base_direct - INFO -   - 使用LoRA: False
2025-07-19 17:58:56,596 - MedicalClassifier_gemma2-2b_cr_base_direct - INFO -   - 数据集: CR
2025-07-19 17:58:56,596 - MedicalClassifier_gemma2-2b_cr_base_direct - INFO -   - 数据路径: /mnt/data1/TC/TextClassDemo/data/CR/CR_Test_Cxx.json
2025-07-19 17:58:56,597 - MedicalClassifier_gemma2-2b_cr_base_direct - INFO - ================================================================================
2025-07-19 17:58:56,597 - MedicalClassifier_gemma2-2b_cr_base_direct - INFO - 开始加载模型和tokenizer...
2025-07-19 17:58:56,597 - MedicalClassifier_gemma2-2b_cr_base_direct - INFO - 基础模型路径: /mnt/data1/FT/inspire_data_prep/models/gemma2-2b
2025-07-19 17:58:56,597 - MedicalClassifier_gemma2-2b_cr_base_direct - INFO - 是否使用LoRA: False
2025-07-19 17:58:56,597 - MedicalClassifier_gemma2-2b_cr_base_direct - INFO - ================================================================================
2025-07-19 17:58:56,597 - MedicalClassifier_gemma2-2b_cr_base_direct - INFO - 正在加载tokenizer: /mnt/data1/FT/inspire_data_prep/models/gemma2-2b
2025-07-19 17:58:57,891 - MedicalClassifier_gemma2-2b_cr_base_direct - INFO - Tokenizer加载完成
2025-07-19 17:58:57,891 - MedicalClassifier_gemma2-2b_cr_base_direct - INFO - Chat template: {{ bos_token }}{% if messages[0]['role'] == 'system' %}{{ raise_exception('System role not supported') }}{% endif %}{% for message in messages %}{% if (message['role'] == 'user') != (loop.index0 % 2 == 0) %}{{ raise_exception('Conversation roles must alternate user/assistant/user/assistant/...') }}{% endif %}{% if (message['role'] == 'assistant') %}{% set role = 'model' %}{% else %}{% set role = message['role'] %}{% endif %}{{ '<start_of_turn>' + role + '
' + message['content'] | trim + '<end_of_turn>
' }}{% endfor %}{% if add_generation_prompt %}{{'<start_of_turn>model
'}}{% endif %}
2025-07-19 17:58:57,891 - MedicalClassifier_gemma2-2b_cr_base_direct - INFO - 检测到Gemma模型，使用直接提示词（避免重复输出）
2025-07-19 17:58:57,891 - MedicalClassifier_gemma2-2b_cr_base_direct - INFO - 模板策略: direct_prompt
2025-07-19 17:58:57,891 - MedicalClassifier_gemma2-2b_cr_base_direct - INFO - 正在加载基础模型: /mnt/data1/FT/inspire_data_prep/models/gemma2-2b
2025-07-19 17:59:01,072 - MedicalClassifier_gemma2-2b_cr_base_direct - INFO - 基础模型加载完成
2025-07-19 17:59:01,072 - MedicalClassifier_gemma2-2b_cr_base_direct - INFO - 使用基础模型，不加载LoRA适配器
2025-07-19 17:59:01,074 - MedicalClassifier_gemma2-2b_cr_base_direct - INFO - ================================================================================
2025-07-19 17:59:01,074 - MedicalClassifier_gemma2-2b_cr_base_direct - INFO - 模型加载完成！
2025-07-19 17:59:01,074 - MedicalClassifier_gemma2-2b_cr_base_direct - INFO - 最终使用的模型: 基础模型
2025-07-19 17:59:01,074 - MedicalClassifier_gemma2-2b_cr_base_direct - INFO - 模型路径: /mnt/data1/FT/inspire_data_prep/models/gemma2-2b
2025-07-19 17:59:01,074 - MedicalClassifier_gemma2-2b_cr_base_direct - INFO - 模板策略: direct_prompt
2025-07-19 17:59:01,074 - MedicalClassifier_gemma2-2b_cr_base_direct - INFO - ================================================================================
2025-07-19 17:59:01,074 - MedicalClassifier_gemma2-2b_cr_base_direct - INFO - 加载数据集: /mnt/data1/TC/TextClassDemo/data/CR/CR_Test_Cxx.json
2025-07-19 17:59:01,080 - MedicalClassifier_gemma2-2b_cr_base_direct - INFO - 使用单一推理模式
2025-07-19 17:59:01,081 - MedicalClassifier_gemma2-2b_cr_base_direct - INFO - 开始批量推理...
2025-07-19 18:00:00,267 - MedicalClassifier_gemma2-2b_cr_base_direct - INFO - 计算评估指标...
2025-07-19 18:00:00,277 - MedicalClassifier_gemma2-2b_cr_base_direct - INFO - 绘制混淆矩阵...
2025-07-19 18:00:00,501 - MedicalClassifier_gemma2-2b_cr_base_direct - INFO - 分析错误样本...
2025-07-19 18:00:00,502 - MedicalClassifier_gemma2-2b_cr_base_direct - INFO - 
评估结果：
2025-07-19 18:00:00,502 - MedicalClassifier_gemma2-2b_cr_base_direct - INFO - 模型类型: Base Model
2025-07-19 18:00:00,502 - MedicalClassifier_gemma2-2b_cr_base_direct - INFO - 数据集: CR
2025-07-19 18:00:00,502 - MedicalClassifier_gemma2-2b_cr_base_direct - INFO - 推理模式: 单一推理
2025-07-19 18:00:00,502 - MedicalClassifier_gemma2-2b_cr_base_direct - INFO - 准确率：0.8830
2025-07-19 18:00:00,502 - MedicalClassifier_gemma2-2b_cr_base_direct - INFO - 错误样本数：44
2025-07-19 18:00:00,502 - MedicalClassifier_gemma2-2b_cr_base_direct - INFO - 总样本数：376
2025-07-19 18:00:00,502 - MedicalClassifier_gemma2-2b_cr_base_direct - INFO - 结果保存到: ./outputs/gemma2-2b_cr_base_direct_llama3.1-8b_cr_direct_lora_CR
