2025-07-19 16:23:49,201 - MedicalClassifier_gemma2-2b_biomedical_base_direct - INFO - 开始运行测试样本展示...
2025-07-19 16:23:49,201 - MedicalClassifier_gemma2-2b_biomedical_base_direct - INFO - 测试配置:
2025-07-19 16:23:49,202 - MedicalClassifier_gemma2-2b_biomedical_base_direct - INFO -   - 基础模型: /mnt/data1/FT/inspire_data_prep/models/gemma2-2b
2025-07-19 16:23:49,202 - MedicalClassifier_gemma2-2b_biomedical_base_direct - INFO -   - 使用LoRA: False
2025-07-19 16:23:49,202 - MedicalClassifier_gemma2-2b_biomedical_base_direct - INFO -   - 数据集: biomedical
2025-07-19 16:23:49,202 - MedicalClassifier_gemma2-2b_biomedical_base_direct - INFO -   - 测试样本数: 5
2025-07-19 16:23:49,202 - MedicalClassifier_gemma2-2b_biomedical_base_direct - INFO - ================================================================================
2025-07-19 16:23:49,202 - MedicalClassifier_gemma2-2b_biomedical_base_direct - INFO - 开始加载模型和tokenizer...
2025-07-19 16:23:49,202 - MedicalClassifier_gemma2-2b_biomedical_base_direct - INFO - 基础模型路径: /mnt/data1/FT/inspire_data_prep/models/gemma2-2b
2025-07-19 16:23:49,202 - MedicalClassifier_gemma2-2b_biomedical_base_direct - INFO - 是否使用LoRA: False
2025-07-19 16:23:49,202 - MedicalClassifier_gemma2-2b_biomedical_base_direct - INFO - ================================================================================
2025-07-19 16:23:49,202 - MedicalClassifier_gemma2-2b_biomedical_base_direct - INFO - 正在加载tokenizer: /mnt/data1/FT/inspire_data_prep/models/gemma2-2b
2025-07-19 16:23:50,500 - MedicalClassifier_gemma2-2b_biomedical_base_direct - INFO - Tokenizer加载完成
2025-07-19 16:23:50,500 - MedicalClassifier_gemma2-2b_biomedical_base_direct - INFO - Chat template: {{ bos_token }}{% if messages[0]['role'] == 'system' %}{{ raise_exception('System role not supported') }}{% endif %}{% for message in messages %}{% if (message['role'] == 'user') != (loop.index0 % 2 == 0) %}{{ raise_exception('Conversation roles must alternate user/assistant/user/assistant/...') }}{% endif %}{% if (message['role'] == 'assistant') %}{% set role = 'model' %}{% else %}{% set role = message['role'] %}{% endif %}{{ '<start_of_turn>' + role + '
' + message['content'] | trim + '<end_of_turn>
' }}{% endfor %}{% if add_generation_prompt %}{{'<start_of_turn>model
'}}{% endif %}
2025-07-19 16:23:50,500 - MedicalClassifier_gemma2-2b_biomedical_base_direct - INFO - 检测到Gemma模型，使用直接提示词（避免重复输出）
2025-07-19 16:23:50,500 - MedicalClassifier_gemma2-2b_biomedical_base_direct - INFO - 模板策略: direct_prompt
2025-07-19 16:23:50,500 - MedicalClassifier_gemma2-2b_biomedical_base_direct - INFO - 正在加载基础模型: /mnt/data1/FT/inspire_data_prep/models/gemma2-2b
2025-07-19 16:23:53,695 - MedicalClassifier_gemma2-2b_biomedical_base_direct - INFO - 基础模型加载完成
2025-07-19 16:23:53,695 - MedicalClassifier_gemma2-2b_biomedical_base_direct - INFO - 使用基础模型，不加载LoRA适配器
2025-07-19 16:23:53,696 - MedicalClassifier_gemma2-2b_biomedical_base_direct - INFO - ================================================================================
2025-07-19 16:23:53,696 - MedicalClassifier_gemma2-2b_biomedical_base_direct - INFO - 模型加载完成！
2025-07-19 16:23:53,696 - MedicalClassifier_gemma2-2b_biomedical_base_direct - INFO - 最终使用的模型: 基础模型
2025-07-19 16:23:53,696 - MedicalClassifier_gemma2-2b_biomedical_base_direct - INFO - 模型路径: /mnt/data1/FT/inspire_data_prep/models/gemma2-2b
2025-07-19 16:23:53,696 - MedicalClassifier_gemma2-2b_biomedical_base_direct - INFO - 模板策略: direct_prompt
2025-07-19 16:23:53,696 - MedicalClassifier_gemma2-2b_biomedical_base_direct - INFO - ================================================================================
2025-07-19 16:23:53,696 - MedicalClassifier_gemma2-2b_biomedical_base_direct - INFO - 加载数据集: /mnt/data1/TC/TextClassDemo/data/Biomedical/Biomedical_Test_Cxx.json
2025-07-19 16:23:53,728 - MedicalClassifier_gemma2-2b_biomedical_base_direct - INFO - 
使用模型: Base Model
2025-07-19 16:23:53,728 - MedicalClassifier_gemma2-2b_biomedical_base_direct - INFO - 数据集: biomedical
2025-07-19 16:23:53,728 - MedicalClassifier_gemma2-2b_biomedical_base_direct - INFO - 推理模式: 单一推理
2025-07-19 16:23:53,728 - MedicalClassifier_gemma2-2b_biomedical_base_direct - INFO - 示例输出：
2025-07-19 16:24:26,437 - MedicalClassifier_gemma2-2b_biomedical_base_direct - INFO - 
样本1：
2025-07-19 16:24:26,437 - MedicalClassifier_gemma2-2b_biomedical_base_direct - INFO - 文本: age related changes in function of transfer ribonucleic acid of rat livers...
2025-07-19 16:24:26,437 - MedicalClassifier_gemma2-2b_biomedical_base_direct - INFO - 真实类别: C01
2025-07-19 16:24:26,437 - MedicalClassifier_gemma2-2b_biomedical_base_direct - INFO - 预测类别: C02
2025-07-19 16:24:26,437 - MedicalClassifier_gemma2-2b_biomedical_base_direct - INFO - 模型推理过程:



**Please classify the text:**

C01 - aging
C02 - chemistry
C03 - cats
C04 - glucose
C05 - potassium
C06 - lung
C07 - erythrocytes
C08 - lymphocytes
C09 - spleen
C10 - mutation
C11 - skin
C12 - norepinephrine
C13 - insulin
C14 - prognosis
C15 - risk
C16 - myocardium
C17 - sodium
C18 - mathematics
C19 - swine
C20 - temperature 


**Answer:** 
C02 - chemistry 

2025-07-19 16:24:26,437 - MedicalClassifier_gemma2-2b_biomedical_base_direct - INFO - --------------------------------------------------------------------------------
2025-07-19 16:24:26,706 - MedicalClassifier_gemma2-2b_biomedical_base_direct - INFO - 
样本2：
2025-07-19 16:24:26,706 - MedicalClassifier_gemma2-2b_biomedical_base_direct - INFO - 文本: assessment of aerosol stability of yellow fever virus by fluorescent cell counting...
2025-07-19 16:24:26,706 - MedicalClassifier_gemma2-2b_biomedical_base_direct - INFO - 真实类别: C20
2025-07-19 16:24:26,706 - MedicalClassifier_gemma2-2b_biomedical_base_direct - INFO - 预测类别: C02
2025-07-19 16:24:26,706 - MedicalClassifier_gemma2-2b_biomedical_base_direct - INFO - 模型推理过程:



**Input Text:** assessment of aerosol stability of yellow fever virus by fluorescent cell counting

**Output Category:** C02 

2025-07-19 16:24:26,706 - MedicalClassifier_gemma2-2b_biomedical_base_direct - INFO - --------------------------------------------------------------------------------
2025-07-19 16:25:07,211 - MedicalClassifier_gemma2-2b_biomedical_base_direct - INFO - 
样本3：
2025-07-19 16:25:07,211 - MedicalClassifier_gemma2-2b_biomedical_base_direct - INFO - 文本: intrachain disulphide bridges in immunoglobulin g heavy chains the fc fragment...
2025-07-19 16:25:07,211 - MedicalClassifier_gemma2-2b_biomedical_base_direct - INFO - 真实类别: C03
2025-07-19 16:25:07,211 - MedicalClassifier_gemma2-2b_biomedical_base_direct - INFO - 预测类别: C02
2025-07-19 16:25:07,211 - MedicalClassifier_gemma2-2b_biomedical_base_direct - INFO - 模型推理过程:



**Text:** intrachain disulphide bridges in immunoglobulin g heavy chains the fc fragment

**Classification:** C02 - chemistry 


**Explanation:**

The text discusses "intrachain disulphide bridges" and "immunoglobulin G heavy chains," which are both chemical structures. The term "fc fragment" refers to a specific part of an immunoglobulin molecule, which is a protein. Therefore, the text is related to chemistry. 

2025-07-19 16:25:07,211 - MedicalClassifier_gemma2-2b_biomedical_base_direct - INFO - --------------------------------------------------------------------------------
2025-07-19 16:25:30,115 - MedicalClassifier_gemma2-2b_biomedical_base_direct - INFO - 
样本4：
2025-07-19 16:25:30,115 - MedicalClassifier_gemma2-2b_biomedical_base_direct - INFO - 文本: the influence of moderate intrauterine nutrition on later physical and mental development in twins author s transl...
2025-07-19 16:25:30,115 - MedicalClassifier_gemma2-2b_biomedical_base_direct - INFO - 真实类别: C14
2025-07-19 16:25:30,115 - MedicalClassifier_gemma2-2b_biomedical_base_direct - INFO - 预测类别: C01
2025-07-19 16:25:30,116 - MedicalClassifier_gemma2-2b_biomedical_base_direct - INFO - 模型推理过程:



**Please classify the text:**

The influence of moderate intrauterine nutrition on later physical and mental development in twins author's transl. 


**Answer:** 
C01 - aging 

2025-07-19 16:25:30,116 - MedicalClassifier_gemma2-2b_biomedical_base_direct - INFO - --------------------------------------------------------------------------------
2025-07-19 16:26:06,660 - MedicalClassifier_gemma2-2b_biomedical_base_direct - INFO - 
样本5：
2025-07-19 16:26:06,660 - MedicalClassifier_gemma2-2b_biomedical_base_direct - INFO - 文本: release of rabbit aorta contracting substance rcs and prostaglandins induced by chemical or mechanical stimulation of guinea pig lungs...
2025-07-19 16:26:06,660 - MedicalClassifier_gemma2-2b_biomedical_base_direct - INFO - 真实类别: C07
2025-07-19 16:26:06,660 - MedicalClassifier_gemma2-2b_biomedical_base_direct - INFO - 预测类别: C16
2025-07-19 16:26:06,660 - MedicalClassifier_gemma2-2b_biomedical_base_direct - INFO - 模型推理过程:



**Please classify the text:**

C16 - myocardium 

**Explanation:**

The text mentions "rabbit aorta contracting substance rcs" and "prostaglandins" which are related to the cardiovascular system. The text also mentions "chemical or mechanical stimulation of guinea pig lungs", suggesting a focus on the respiratory system. 

While the text mentions "rabbit aorta contracting substance rcs" and "prostaglandins", it doesn't explicitly state that these substances are specifically related to the myocardium. 


**Therefore, the classification is not C16.** 


**Please provide the correct classification for the given text.** 

2025-07-19 16:26:06,661 - MedicalClassifier_gemma2-2b_biomedical_base_direct - INFO - --------------------------------------------------------------------------------
2025-07-19 16:27:01,313 - MedicalClassifier_gemma2-2b_biomedical_base_direct - INFO - 开始运行评估实验...
2025-07-19 16:27:01,313 - MedicalClassifier_gemma2-2b_biomedical_base_direct - INFO - 实验配置:
2025-07-19 16:27:01,313 - MedicalClassifier_gemma2-2b_biomedical_base_direct - INFO -   - 基础模型: /mnt/data1/FT/inspire_data_prep/models/gemma2-2b
2025-07-19 16:27:01,313 - MedicalClassifier_gemma2-2b_biomedical_base_direct - INFO -   - 使用LoRA: False
2025-07-19 16:27:01,313 - MedicalClassifier_gemma2-2b_biomedical_base_direct - INFO -   - 数据集: biomedical
2025-07-19 16:27:01,313 - MedicalClassifier_gemma2-2b_biomedical_base_direct - INFO -   - 数据路径: /mnt/data1/TC/TextClassDemo/data/Biomedical/Biomedical_Test_Cxx.json
2025-07-19 16:27:01,313 - MedicalClassifier_gemma2-2b_biomedical_base_direct - INFO - ================================================================================
2025-07-19 16:27:01,313 - MedicalClassifier_gemma2-2b_biomedical_base_direct - INFO - 开始加载模型和tokenizer...
2025-07-19 16:27:01,313 - MedicalClassifier_gemma2-2b_biomedical_base_direct - INFO - 基础模型路径: /mnt/data1/FT/inspire_data_prep/models/gemma2-2b
2025-07-19 16:27:01,313 - MedicalClassifier_gemma2-2b_biomedical_base_direct - INFO - 是否使用LoRA: False
2025-07-19 16:27:01,313 - MedicalClassifier_gemma2-2b_biomedical_base_direct - INFO - ================================================================================
2025-07-19 16:27:01,313 - MedicalClassifier_gemma2-2b_biomedical_base_direct - INFO - 正在加载tokenizer: /mnt/data1/FT/inspire_data_prep/models/gemma2-2b
2025-07-19 16:27:03,131 - MedicalClassifier_gemma2-2b_biomedical_base_direct - INFO - Tokenizer加载完成
2025-07-19 16:27:03,131 - MedicalClassifier_gemma2-2b_biomedical_base_direct - INFO - Chat template: {{ bos_token }}{% if messages[0]['role'] == 'system' %}{{ raise_exception('System role not supported') }}{% endif %}{% for message in messages %}{% if (message['role'] == 'user') != (loop.index0 % 2 == 0) %}{{ raise_exception('Conversation roles must alternate user/assistant/user/assistant/...') }}{% endif %}{% if (message['role'] == 'assistant') %}{% set role = 'model' %}{% else %}{% set role = message['role'] %}{% endif %}{{ '<start_of_turn>' + role + '
' + message['content'] | trim + '<end_of_turn>
' }}{% endfor %}{% if add_generation_prompt %}{{'<start_of_turn>model
'}}{% endif %}
2025-07-19 16:27:03,131 - MedicalClassifier_gemma2-2b_biomedical_base_direct - INFO - 检测到Gemma模型，使用直接提示词（避免重复输出）
2025-07-19 16:27:03,131 - MedicalClassifier_gemma2-2b_biomedical_base_direct - INFO - 模板策略: direct_prompt
2025-07-19 16:27:03,131 - MedicalClassifier_gemma2-2b_biomedical_base_direct - INFO - 正在加载基础模型: /mnt/data1/FT/inspire_data_prep/models/gemma2-2b
2025-07-19 16:27:07,133 - MedicalClassifier_gemma2-2b_biomedical_base_direct - INFO - 基础模型加载完成
2025-07-19 16:27:07,133 - MedicalClassifier_gemma2-2b_biomedical_base_direct - INFO - 使用基础模型，不加载LoRA适配器
2025-07-19 16:27:07,135 - MedicalClassifier_gemma2-2b_biomedical_base_direct - INFO - ================================================================================
2025-07-19 16:27:07,135 - MedicalClassifier_gemma2-2b_biomedical_base_direct - INFO - 模型加载完成！
2025-07-19 16:27:07,135 - MedicalClassifier_gemma2-2b_biomedical_base_direct - INFO - 最终使用的模型: 基础模型
2025-07-19 16:27:07,135 - MedicalClassifier_gemma2-2b_biomedical_base_direct - INFO - 模型路径: /mnt/data1/FT/inspire_data_prep/models/gemma2-2b
2025-07-19 16:27:07,135 - MedicalClassifier_gemma2-2b_biomedical_base_direct - INFO - 模板策略: direct_prompt
2025-07-19 16:27:07,135 - MedicalClassifier_gemma2-2b_biomedical_base_direct - INFO - ================================================================================
2025-07-19 16:27:07,135 - MedicalClassifier_gemma2-2b_biomedical_base_direct - INFO - 加载数据集: /mnt/data1/TC/TextClassDemo/data/Biomedical/Biomedical_Test_Cxx.json
2025-07-19 16:27:07,174 - MedicalClassifier_gemma2-2b_biomedical_base_direct - INFO - 使用单一推理模式
2025-07-19 16:27:07,174 - MedicalClassifier_gemma2-2b_biomedical_base_direct - INFO - 开始批量推理...
2025-07-19 16:38:47,613 - MedicalClassifier_gemma2-2b_biomedical_base_direct - INFO - 计算评估指标...
2025-07-19 16:38:47,632 - MedicalClassifier_gemma2-2b_biomedical_base_direct - INFO - 绘制混淆矩阵...
2025-07-19 16:38:48,262 - MedicalClassifier_gemma2-2b_biomedical_base_direct - INFO - 分析错误样本...
2025-07-19 16:38:48,334 - MedicalClassifier_gemma2-2b_biomedical_base_direct - INFO - 
评估结果：
2025-07-19 16:38:48,334 - MedicalClassifier_gemma2-2b_biomedical_base_direct - INFO - 模型类型: Base Model
2025-07-19 16:38:48,334 - MedicalClassifier_gemma2-2b_biomedical_base_direct - INFO - 数据集: biomedical
2025-07-19 16:38:48,334 - MedicalClassifier_gemma2-2b_biomedical_base_direct - INFO - 推理模式: 单一推理
2025-07-19 16:38:48,334 - MedicalClassifier_gemma2-2b_biomedical_base_direct - INFO - 准确率：0.1183
2025-07-19 16:38:48,334 - MedicalClassifier_gemma2-2b_biomedical_base_direct - INFO - 错误样本数：5819
2025-07-19 16:38:48,334 - MedicalClassifier_gemma2-2b_biomedical_base_direct - INFO - 总样本数：6600
2025-07-19 16:38:48,334 - MedicalClassifier_gemma2-2b_biomedical_base_direct - INFO - 结果保存到: ./outputs/gemma2-2b_biomedical_base_direct_llama3.1-8b_biomedical_direct_lora_biomedical
